mvn : WARNING: A restricted method in java.lang.System has been called
At line:1 char:92
+ ... :PATH += ";C:\tools\apache-maven-3.9.4\bin"; mvn compile 2>&1 | Tee-O ...
+                                                  ~~~~~~~~~~~~~~~~
    + CategoryInfo          : NotSpecified: (WARNING: A rest...has been called:String) [], RemoteException
    + FullyQualifiedErrorId : NativeCommandError
 
WARNING: java.lang.System::load has been called by org.fusesource.jansi.internal.JansiLoader in an unnamed module 
(file:/C:/tools/apache-maven-3.9.4/lib/jansi-2.4.0.jar)
WARNING: Use --enable-native-access=ALL-UNNAMED to avoid a warning for callers in this module
WARNING: Restricted methods will be blocked in a future release unless native access is enabled

WARNING: A terminally deprecated method in sun.misc.Unsafe has been called
WARNING: sun.misc.Unsafe::objectFieldOffset has been called by 
com.google.common.util.concurrent.AbstractFuture$UnsafeAtomicHelper 
(file:/C:/tools/apache-maven-3.9.4/lib/guava-32.0.1-jre.jar)
WARNING: Please consider reporting this to the maintainers of class 
com.google.common.util.concurrent.AbstractFuture$UnsafeAtomicHelper
WARNING: sun.misc.Unsafe::objectFieldOffset will be removed in a future release
[INFO] Scanning for projects...
[INFO] 
[INFO] -------------------------< com.news:Nexity60 >-------------------------
[INFO] Building Nexity60 1.0.0
[INFO]   from pom.xml
[INFO] --------------------------------[ jar ]---------------------------------
[INFO] 
[INFO] --- resources:3.3.0:resources (default-resources) @ Nexity60 ---
[INFO] Copying 1 resource
[INFO] 
[INFO] --- compiler:3.11.0:compile (default-compile) @ Nexity60 ---
[INFO] Changes detected - recompiling the module! :source
[INFO] Compiling 9 source files with javac [debug target 11] to target\classes
[WARNING] location of system modules is not set in conjunction with -source 11
  not setting the location of system modules may lead to class files that cannot run on JDK 11
    --release 11 is recommended instead of -source 11 -target 11 because it sets the location of system modules automatically
[INFO] ------------------------------------------------------------------------
[INFO] BUILD SUCCESS
[INFO] ------------------------------------------------------------------------
[INFO] Total time:  3.561 s
[INFO] Finished at: 2025-08-03T23:54:42+05:30
[INFO] ------------------------------------------------------------------------
